resuming from 42 accounts already collected

[ลาออกเซเว่น] searching...
  exhausted after 4 scrolls
[ลาออกเซเว่น] +0 new (total 42)

[พนักงานเซเว่น] searching...
  exhausted after 4 scrolls
[พนักงานเซเว่น] +0 new (total 42)

[พนักงาน 7-11] searching...
  exhausted after 4 scrolls
[พนักงาน 7-11] +0 new (total 42)

[กะดึกเซเว่น] searching...
  exhausted after 4 scrolls
[กะดึกเซเว่น] +0 new (total 42)

[ชีวิตพนักงานเซเว่น] searching...
  exhausted after 4 scrolls
[ชีวิตพนักงานเซเว่น] +0 new (total 42)

[ลาออกจากเซเว่น] searching...
  exhausted after 4 scrolls
[ลาออกจากเซเว่น] +0 new (total 42)

[เด็กเซเว่น] searching...
  exhausted after 4 scrolls
[เด็กเซเว่น] +0 new (total 42)

[ทํางานเซเว่น] searching...
  exhausted after 4 scrolls
[ทํางานเซเว่น] +0 new (total 42)

[อดีตพนักงานเซเว่น] searching...
  exhausted after 4 scrolls
[อดีตพนักงานเซเว่น] +0 new (total 42)

[พนักงาน711] searching...
  exhausted after 5 scrolls
[พนักงาน711] +10 new (total 52)

[สาวเซเว่น] searching...
  exhausted after 4 scrolls
[สาวเซเว่น] +0 new (total 52)

[ลาก่อนเซเว่น] searching...
  exhausted after 4 scrolls
[ลาก่อนเซเว่น] +0 new (total 52)

[ผู้จัดการเซเว่น] searching...
  exhausted after 4 scrolls
[ผู้จัดการเซเว่น] +0 new (total 52)

[ผู้ช่วยผู้จัดการเซเว่น] searching...
  exhausted after 4 scrolls
[ผู้ช่วยผู้จัดการเซเว่น] +0 new (total 52)

[พนักงานเซเว่นเท่านั้นที่จะเข้าใจ] searching...
  exhausted after 4 scrolls
[พนักงานเซเว่นเท่านั้นที่จะเข้าใจ] +0 new (total 52)

[ประสบการณ์ทํางานเซเว่น] searching...
  exhausted after 4 scrolls
[ประสบการณ์ทํางานเซเว่น] +0 new (total 52)

[วันสุดท้ายเซเว่น] searching...
  exhausted after 4 scrolls
[วันสุดท้ายเซเว่น] +0 new (total 52)

[เซเว่นอีเลฟเว่นพนักงาน] searching...
  exhausted after 4 scrolls
[เซเว่นอีเลฟเว่นพนักงาน] +0 new (total 52)

[ทํางานเซเว่นเหนื่อยมาก] searching...
  exhausted after 4 scrolls
[ทํางานเซเว่นเหนื่อยมาก] +0 new (total 52)

[บ่นงานเซเว่น] searching...
  exhausted after 4 scrolls
[บ่นงานเซเว่น] +0 new (total 52)

[ลูกค้าเซเว่น] searching...
  exhausted after 4 scrolls
[ลูกค้าเซเว่น] +0 new (total 52)

[เข้ากะเซเว่น] searching...
  exhausted after 4 scrolls
[เข้ากะเซเว่น] +0 new (total 52)

[สมัครงานเซเว่น] searching...
  exhausted after 4 scrolls
[สมัครงานเซเว่น] +0 new (total 52)

[เงินเดือนพนักงานเซเว่น] searching...
  exhausted after 4 scrolls
[เงินเดือนพนักงานเซเว่น] +0 new (total 52)

[cpall พนักงาน] searching...
  exhausted after 4 scrolls
[cpall พนักงาน] +0 new (total 52)

[หนุ่มเซเว่น] searching...
  exhausted after 4 scrolls
[หนุ่มเซเว่น] +0 new (total 52)

[ชีวิตเด็กเซเว่น] searching...
  exhausted after 4 scrolls
[ชีวิตเด็กเซเว่น] +0 new (total 52)

[ลาออกงานประจําเซเว่น] searching...
  exhausted after 4 scrolls
[ลาออกงานประจําเซเว่น] +0 new (total 52)

Collected 52 accounts.
Backup written to accounts.json
Needs manual review: 21/52
  @n_kacha629               ลาออกแล้ว          จบกัน ลาก่อยยยยยยย #พนักงานเซเว่น #ออกจากเซเว่น
  @tawuntawun21             ลาออกแล้ว          #พนักงานเซเว่น #ลาออกแล้ว #แชร์ประสบการณ์ ตึงมากก็ขาด หย่อนม
  @chalita_mungkhot         รีวิวชีวิตพนักงาน  31🗓️👋🏻#สาวอวบอ้วน #สาวเซเว่น #เซเว่น #เด็กเซเว่น #ผู้จัดการ
  @noonanduanglada          ลาออกแล้ว          ทำงานอีก 1 เดือน ก็จะเหลือแค่ความทรงจำสำหรับเราแล้วนะ 7-11 ค
  @wannaphainta2542         ลาออกแล้ว          #สาวเซเว่น #ลาออก
  @pitch_087                ลาออกแล้ว          #นับถอยหลัง#พนักงานเซเว่น ลาออก🙏
  @fernly232                รีวิวชีวิตพนักงาน  #พนักงานเซเว่นเท่านั้นที่จะเข้าใจ กล้าเดินออกมาชีวิตดีขึ้นแน
  @cxllmeichoh13            ลาออกแล้ว          ขอบาย>< #ลาออก #อดีตพนักงานเซเว่น
  @ppanni_12                ลาออกแล้ว          โหดมาก แต่ผ่านมาแล้ว หลังจากนี้ก็ขอให้โลกใจดีกับเราบ้างนะ #เ
  @suwanna_1701             ลาออกแล้ว          ขอบคุณประสบการณ์จากที่นี้ #ลาออก #พนักงาน711 #สตอรี่_ความรู้
  @s.oiloil                 ลาออกแล้ว          ขอบคุณประสบการณ์ดีๆ #ลาออกจากงานประจํา #ลาออกจากเซเว่น #พนัก
  @grabb.21                 ลาออกแล้ว          อีก 2 วัน ลาแล้วครับกับเซเว่น ประสบการณ์จำไม่ลืม บ้ายจ้า#เซเ
  @_namtao_                 ลาออกแล้ว          ไว้เจอกันใหม่นะ👋🏻 #พนักงานเซเว่น #เซเว่น #ลาออก #เรียนต่อ #f
  @meenwrrt                 ลาออกแล้ว          ภูมิใจและยินดีกับทุกประสบการ์ณที่ได้พบเจอในช่วงที่ผ่านมา ที่
  @i_140146                 รีวิวชีวิตพนักงาน  #ประสบการณ์ชีวิต #ประสบการณ์ทํางานเซเว่น 2เดือนออก ไม่ได้โดน
  @space.sez                ลาออกแล้ว          ความทรงจำมากมาย ใครอยู่ต่อก็ขอให้สู้ๆ ส่วนทางนี้ ขอตัวก่อน 😊
  @_ariiyaa24               ลาออกแล้ว          คนที่ลาออกแล้วมาแชร์กันได้น่ะ😊 #ฟีดดดシ #ผู้ช่วยผู้จัดการเซเว
  @bank_aa49                ลาออกแล้ว          👋🏻งานใหม่ใกล้ฉัน #พนักงานเซเว่น
  @pach_pitchaya            ลาออกแล้ว          ประสบการณ์เกือบ 10 ปีที่ถึงจุดอิ่มตัว #ลาก่อนเซเว่น #เด็กเพช
  @n0ah.noahah              ลาออกแล้ว          ทำงานวันสุดท้าย ❤️ลาก่อนเซเว่น พรี่ไปก่อนน้าน้องๆ #lastworki

--dry-run: Sheet untouched.
