resuming from 250 accounts already collected

[ลาออกเซเว่น] searching...
  exhausted after 4 scrolls
[ลาออกเซเว่น] +0 new (total 250)

[พนักงานเซเว่น] searching...
  exhausted after 5 scrolls
[พนักงานเซเว่น] +3 new (total 253)

[พนักงาน 7-11] searching...
  exhausted after 4 scrolls
[พนักงาน 7-11] +0 new (total 253)

[กะดึกเซเว่น] searching...
  exhausted after 5 scrolls
[กะดึกเซเว่น] +1 new (total 254)

[ชีวิตพนักงานเซเว่น] searching...
  exhausted after 5 scrolls
[ชีวิตพนักงานเซเว่น] +1 new (total 255)

[ลาออกจากเซเว่น] searching...
  exhausted after 5 scrolls
[ลาออกจากเซเว่น] +2 new (total 257)

[เด็กเซเว่น] searching...
  exhausted after 5 scrolls
[เด็กเซเว่น] +1 new (total 258)

[ทํางานเซเว่น] searching...
  exhausted after 4 scrolls
[ทํางานเซเว่น] +0 new (total 258)

[อดีตพนักงานเซเว่น] searching...
  exhausted after 5 scrolls
[อดีตพนักงานเซเว่น] +2 new (total 260)

[พนักงาน711] searching...
  exhausted after 4 scrolls
[พนักงาน711] +0 new (total 260)

[สาวเซเว่น] searching...
  exhausted after 5 scrolls
[สาวเซเว่น] +1 new (total 261)

[ลาก่อนเซเว่น] searching...
  exhausted after 5 scrolls
[ลาก่อนเซเว่น] +2 new (total 263)

[ผู้จัดการเซเว่น] searching...
  exhausted after 4 scrolls
[ผู้จัดการเซเว่น] +0 new (total 263)

[ผู้ช่วยผู้จัดการเซเว่น] searching...
  exhausted after 5 scrolls
[ผู้ช่วยผู้จัดการเซเว่น] +6 new (total 269)

[พนักงานเซเว่นเท่านั้นที่จะเข้าใจ] searching...
  exhausted after 4 scrolls
[พนักงานเซเว่นเท่านั้นที่จะเข้าใจ] +0 new (total 269)

[ประสบการณ์ทํางานเซเว่น] searching...
  exhausted after 5 scrolls
[ประสบการณ์ทํางานเซเว่น] +1 new (total 270)

[วันสุดท้ายเซเว่น] searching...
  exhausted after 5 scrolls
[วันสุดท้ายเซเว่น] +1 new (total 271)

[เซเว่นอีเลฟเว่นพนักงาน] searching...
  exhausted after 5 scrolls
[เซเว่นอีเลฟเว่นพนักงาน] +2 new (total 273)

[ทํางานเซเว่นเหนื่อยมาก] searching...
  exhausted after 5 scrolls
[ทํางานเซเว่นเหนื่อยมาก] +10 new (total 283)

[บ่นงานเซเว่น] searching...
  exhausted after 5 scrolls
[บ่นงานเซเว่น] +9 new (total 292)

[ลูกค้าเซเว่น] searching...
[ลูกค้าเซเว่น] +9 new (total 301)

Collected 301 accounts.
Backup written to accounts.json
Needs manual review: 84/301
Sheet updated: https://docs.google.com/spreadsheets/d/1ipeGci4ONpxeU4vc5QlaXAnqFAViB6xn7_DKHs790os
