resuming from 200 accounts already collected

[ลาออกเซเว่น] searching...

============================================================
  CAPTCHA — solve the slider in the browser window.
  The run continues on its own once the results come back.
============================================================
  cleared, resuming

  exhausted after 5 scrolls
[ลาออกเซเว่น] +1 new (total 201)

[พนักงานเซเว่น] searching...
  exhausted after 5 scrolls
[พนักงานเซเว่น] +2 new (total 203)

[พนักงาน 7-11] searching...
  exhausted after 5 scrolls
[พนักงาน 7-11] +1 new (total 204)

[กะดึกเซเว่น] searching...
  exhausted after 5 scrolls
[กะดึกเซเว่น] +6 new (total 210)

[ชีวิตพนักงานเซเว่น] searching...
  exhausted after 5 scrolls
[ชีวิตพนักงานเซเว่น] +2 new (total 212)

[ลาออกจากเซเว่น] searching...
  exhausted after 4 scrolls
[ลาออกจากเซเว่น] +0 new (total 212)

[เด็กเซเว่น] searching...
  exhausted after 5 scrolls
[เด็กเซเว่น] +4 new (total 216)

[ทํางานเซเว่น] searching...
  exhausted after 5 scrolls
[ทํางานเซเว่น] +4 new (total 220)

[อดีตพนักงานเซเว่น] searching...
  exhausted after 5 scrolls
[อดีตพนักงานเซเว่น] +4 new (total 224)

[พนักงาน711] searching...
  exhausted after 5 scrolls
[พนักงาน711] +2 new (total 226)

[สาวเซเว่น] searching...
  exhausted after 4 scrolls
[สาวเซเว่น] +0 new (total 226)

[ลาก่อนเซเว่น] searching...
  exhausted after 5 scrolls
[ลาก่อนเซเว่น] +2 new (total 228)

[ผู้จัดการเซเว่น] searching...
  exhausted after 5 scrolls
[ผู้จัดการเซเว่น] +3 new (total 231)

[ผู้ช่วยผู้จัดการเซเว่น] searching...
  exhausted after 5 scrolls
[ผู้ช่วยผู้จัดการเซเว่น] +5 new (total 236)

[พนักงานเซเว่นเท่านั้นที่จะเข้าใจ] searching...
  exhausted after 5 scrolls
[พนักงานเซเว่นเท่านั้นที่จะเข้าใจ] +3 new (total 239)

[ประสบการณ์ทํางานเซเว่น] searching...
  exhausted after 5 scrolls
[ประสบการณ์ทํางานเซเว่น] +2 new (total 241)

[วันสุดท้ายเซเว่น] searching...
  exhausted after 5 scrolls
[วันสุดท้ายเซเว่น] +1 new (total 242)

[เซเว่นอีเลฟเว่นพนักงาน] searching...
[เซเว่นอีเลฟเว่นพนักงาน] +8 new (total 250)

Collected 250 accounts.
Backup written to accounts.json
Needs manual review: 70/250
Sheet updated: https://docs.google.com/spreadsheets/d/1ipeGci4ONpxeU4vc5QlaXAnqFAViB6xn7_DKHs790os
